223369 rt_sigprocmask(SIG_SETMASK, [],  <unfinished ...>
223371 set_robust_list(0x783c93e009a0, 24 <unfinished ...>
223369 <... rt_sigprocmask resumed>NULL, 8) = 0
223371 <... set_robust_list resumed>)   = 0
223371 rt_sigprocmask(SIG_SETMASK, [],  <unfinished ...>
223369 clock_gettime(CLOCK_MONOTONIC,  <unfinished ...>
223371 <... rt_sigprocmask resumed>NULL, 8) = 0
223369 <... clock_gettime resumed>{tv_sec=72709, tv_nsec=717100629}) = 0
223371 rt_sigprocmask(SIG_BLOCK, ~[RTMIN RT_1],  <unfinished ...>
223369 eventfd2(0, EFD_CLOEXEC <unfinished ...>
223371 <... rt_sigprocmask resumed>NULL, 8) = 0
223371 sched_getparam(223371,  <unfinished ...>
223369 <... eventfd2 resumed>)          = 8
223371 <... sched_getparam resumed>[0]) = 0
223369 fcntl(8, F_GETFL <unfinished ...>
223371 sched_getscheduler(223371 <unfinished ...>
223369 <... fcntl resumed>)             = 0x2 (flags O_RDWR)
223371 <... sched_getscheduler resumed>) = 0 (SCHED_OTHER)
223371 sched_setscheduler(223371, SCHED_OTHER, [0] <unfinished ...>
223369 fcntl(8, F_SETFL, O_RDWR|O_NONBLOCK <unfinished ...>
223371 <... sched_setscheduler resumed>) = 0
223371 prctl(PR_SET_NAME, "ZMQbg/IO/0" <unfinished ...>
223369 <... fcntl resumed>)             = 0
223371 <... prctl resumed>)             = 0
223369 fcntl(8, F_GETFL <unfinished ...>
223371 epoll_wait(7,  <unfinished ...>
223369 <... fcntl resumed>)             = 0x802 (flags O_RDWR|O_NONBLOCK)
223369 fcntl(8, F_SETFL, O_RDWR|O_NONBLOCK) = 0
223369 getpid()                         = 222956
223369 getpid()                         = 222956
223369 poll([{fd=8, events=POLLIN}], 1, 0) = 0 (Timeout)
223369 getpid()                         = 222956
223369 write(6, "\1\0\0\0\0\0\0\0", 8)  = 8
223371 <... epoll_wait resumed>[{events=EPOLLIN, data={u32=2483031120, u64=132201576402000}}], 256, -1) = 1
223369 getpid( <unfinished ...>
223371 getpid( <unfinished ...>
223369 <... getpid resumed>)            = 222956
223371 <... getpid resumed>)            = 222956
223369 write(8, "\1\0\0\0\0\0\0\0", 8 <unfinished ...>
223371 poll([{fd=6, events=POLLIN}], 1, 0 <unfinished ...>
223369 <... write resumed>)             = 8
223371 <... poll resumed>)              = 1 ([{fd=6, revents=POLLIN}])
223369 getpid( <unfinished ...>
223371 getpid( <unfinished ...>
223369 <... getpid resumed>)            = 222956
223371 <... getpid resumed>)            = 222956
223369 poll([{fd=8, events=POLLIN}], 1, 0 <unfinished ...>
223371 read(6, "\1\0\0\0\0\0\0\0", 8)   = 8
223369 <... poll resumed>)              = 1 ([{fd=8, revents=POLLIN}])
223369 getpid( <unfinished ...>
223371 newfstatat(AT_FDCWD, "/etc/resolv.conf",  <unfinished ...>
223369 <... getpid resumed>)            = 222956
223371 <... newfstatat resumed>{st_mode=S_IFREG|0644, st_size=923, ...}, 0) = 0
223369 read(8,  <unfinished ...>
223371 newfstatat(AT_FDCWD, "/etc/nsswitch.conf",  <unfinished ...>
223369 <... read resumed>"\1\0\0\0\0\0\0\0", 8) = 8
223371 <... newfstatat resumed>{st_mode=S_IFREG|0644, st_size=594, ...}, 0) = 0
223369 getpid( <unfinished ...>
223371 openat(AT_FDCWD, "/etc/hosts", O_RDONLY|O_CLOEXEC <unfinished ...>
223369 <... getpid resumed>)            = 222956
223371 <... openat resumed>)            = 9
223369 poll([{fd=8, events=POLLIN}], 1, 0 <unfinished ...>
223371 fstat(9, {st_mode=S_IFREG|0644, st_size=230, ...}) = 0
223369 <... poll resumed>)              = 0 (Timeout)
223371 lseek(9, 0, SEEK_SET)            = 0
223369 getpid( <unfinished ...>
223371 read(9,  <unfinished ...>
223369 <... getpid resumed>)            = 222956
223371 <... read resumed>"127.0.0.1 localhost\n127.0.1.1 da"..., 4096) = 230
223369 poll([{fd=8, events=POLLIN}], 1, -1 <unfinished ...>
223371 read(9, "", 4096)                = 0
223371 close(9)                         = 0
223371 socket(AF_INET, SOCK_STREAM|SOCK_CLOEXEC, IPPROTO_TCP) = 9
223371 fcntl(9, F_GETFL)                = 0x2 (flags O_RDWR)
223371 fcntl(9, F_SETFL, O_RDWR|O_NONBLOCK) = 0
223371 connect(9, {sa_family=AF_INET, sin_port=htons(5565), sin_addr=inet_addr("127.0.0.1")}, 16) = -1 EINPROGRESS (Operation now in progress)
223040 <... epoll_wait resumed>[{events=EPOLLIN, data={u32=1140853616, u64=124714106227568}}], 256, -1) = 1
223371 epoll_ctl(7, EPOLL_CTL_ADD, 9, {events=0, data={u32=2348816112, u64=132201442186992}} <unfinished ...>
223040 accept4(9,  <unfinished ...>
223371 <... epoll_ctl resumed>)         = 0
223371 epoll_ctl(7, EPOLL_CTL_MOD, 9, {events=EPOLLOUT, data={u32=2348816112, u64=132201442186992}} <unfinished ...>
223040 <... accept4 resumed>{sa_family=AF_INET, sin_port=htons(51370), sin_addr=inet_addr("127.0.0.1")}, [128 => 16], SOCK_CLOEXEC) = 10
223371 <... epoll_ctl resumed>)         = 0
223371 getpid( <unfinished ...>
223040 setsockopt(10, SOL_TCP, TCP_NODELAY, [1], 4 <unfinished ...>
223371 <... getpid resumed>)            = 222956
223371 poll([{fd=6, events=POLLIN}], 1, 0 <unfinished ...>
223040 <... setsockopt resumed>)        = 0
223371 <... poll resumed>)              = 0 (Timeout)
223040 getpeername(10,  <unfinished ...>
223371 epoll_wait(7, [{events=EPOLLOUT, data={u32=2348816112, u64=132201442186992}}], 256, -1) = 1
223040 <... getpeername resumed>{sa_family=AF_INET, sin_port=htons(51370), sin_addr=inet_addr("127.0.0.1")}, [128 => 16]) = 0
223371 epoll_ctl(7, EPOLL_CTL_DEL, 9, 0x783c8c0016f4) = 0
223040 getsockname(10,  <unfinished ...>
223371 getsockopt(9, SOL_SOCKET, SO_ERROR,  <unfinished ...>
223040 <... getsockname resumed>{sa_family=AF_INET, sin_port=htons(5565), sin_addr=inet_addr("127.0.0.1")}, [128 => 16]) = 0
223371 <... getsockopt resumed>[0], [4]) = 0
223371 setsockopt(9, SOL_TCP, TCP_NODELAY, [1], 4 <unfinished ...>
223040 getpeername(10,  <unfinished ...>
223371 <... setsockopt resumed>)        = 0
223371 getsockname(9,  <unfinished ...>
223040 <... getpeername resumed>{sa_family=AF_INET, sin_port=htons(51370), sin_addr=inet_addr("127.0.0.1")}, [128 => 16]) = 0
223371 <... getsockname resumed>{sa_family=AF_INET, sin_port=htons(51370), sin_addr=inet_addr("127.0.0.1")}, [128 => 16]) = 0
223040 fcntl(10, F_GETFL <unfinished ...>
223371 getpeername(9,  <unfinished ...>
223040 <... fcntl resumed>)             = 0x2 (flags O_RDWR)
223371 <... getpeername resumed>{sa_family=AF_INET, sin_port=htons(5565), sin_addr=inet_addr("127.0.0.1")}, [128 => 16]) = 0
223040 fcntl(10, F_SETFL, O_RDWR|O_NONBLOCK <unfinished ...>
223371 fcntl(9, F_GETFL <unfinished ...>
223040 <... fcntl resumed>)             = 0
223371 <... fcntl resumed>)             = 0x802 (flags O_RDWR|O_NONBLOCK)
223040 getpid( <unfinished ...>
223371 fcntl(9, F_SETFL, O_RDWR|O_NONBLOCK <unfinished ...>
223040 <... getpid resumed>)            = 223038
223371 <... fcntl resumed>)             = 0
223371 getpid( <unfinished ...>
223040 write(6, "\1\0\0\0\0\0\0\0", 8 <unfinished ...>
223371 <... getpid resumed>)            = 222956
223371 write(6, "\1\0\0\0\0\0\0\0", 8 <unfinished ...>
223040 <... write resumed>)             = 8
223371 <... write resumed>)             = 8
223040 epoll_wait(7,  <unfinished ...>
223371 epoll_wait(7, [{events=EPOLLIN, data={u32=2483031120, u64=132201576402000}}], 256, -1) = 1
223040 <... epoll_wait resumed>[{events=EPOLLIN, data={u32=3676170464, u64=93848711588064}}], 256, -1) = 1
223371 getpid()                         = 222956
223040 getpid( <unfinished ...>
223371 poll([{fd=6, events=POLLIN}], 1, 0 <unfinished ...>
223040 <... getpid resumed>)            = 223038
223371 <... poll resumed>)              = 1 ([{fd=6, revents=POLLIN}])
223040 poll([{fd=6, events=POLLIN}], 1, 0 <unfinished ...>
223371 getpid()                         = 222956
223040 <... poll resumed>)              = 1 ([{fd=6, revents=POLLIN}])
223371 read(6, "\1\0\0\0\0\0\0\0", 8)   = 8
223040 getpid( <unfinished ...>
223371 epoll_ctl(7, EPOLL_CTL_ADD, 9, {events=0, data={u32=2348816112, u64=132201442186992}} <unfinished ...>
223040 <... getpid resumed>)            = 223038
223371 <... epoll_ctl resumed>)         = 0
223040 read(6,  <unfinished ...>
223371 clock_gettime(CLOCK_MONOTONIC,  <unfinished ...>
223040 <... read resumed>"\1\0\0\0\0\0\0\0", 8) = 8
223371 <... clock_gettime resumed>{tv_sec=72709, tv_nsec=722496512}) = 0
223040 epoll_ctl(7, EPOLL_CTL_ADD, 10, {events=0, data={u32=1140853648, u64=124714106227600}} <unfinished ...>
223371 epoll_ctl(7, EPOLL_CTL_MOD, 9, {events=EPOLLIN, data={u32=2348816112, u64=132201442186992}}) = 0
223040 <... epoll_ctl resumed>)         = 0
223371 epoll_ctl(7, EPOLL_CTL_MOD, 9, {events=EPOLLIN|EPOLLOUT, data={u32=2348816112, u64=132201442186992}} <unfinished ...>
223040 clock_gettime(CLOCK_MONOTONIC,  <unfinished ...>
223371 <... epoll_ctl resumed>)         = 0
223040 <... clock_gettime resumed>{tv_sec=72709, tv_nsec=722677893}) = 0
223371 recvfrom(9,  <unfinished ...>
223040 epoll_ctl(7, EPOLL_CTL_MOD, 10, {events=EPOLLIN, data={u32=1140853648, u64=124714106227600}} <unfinished ...>
223371 <... recvfrom resumed>0x783c8c001ee8, 12, 0, NULL, NULL) = -1 EAGAIN (Resource temporarily unavailable)
223040 <... epoll_ctl resumed>)         = 0
223371 getpid( <unfinished ...>
223040 epoll_ctl(7, EPOLL_CTL_MOD, 10, {events=EPOLLIN|EPOLLOUT, data={u32=1140853648, u64=124714106227600}} <unfinished ...>
223371 <... getpid resumed>)            = 222956
223371 poll([{fd=6, events=POLLIN}], 1, 0 <unfinished ...>
223040 <... epoll_ctl resumed>)         = 0
223371 <... poll resumed>)              = 0 (Timeout)
223040 recvfrom(10,  <unfinished ...>
223371 clock_gettime(CLOCK_MONOTONIC,  <unfinished ...>
223040 <... recvfrom resumed>0x716d44001338, 12, 0, NULL, NULL) = -1 EAGAIN (Resource temporarily unavailable)
223371 <... clock_gettime resumed>{tv_sec=72709, tv_nsec=722985828}) = 0
223040 getpid( <unfinished ...>
223371 epoll_wait(7,  <unfinished ...>
223040 <... getpid resumed>)            = 223038
223371 <... epoll_wait resumed>[{events=EPOLLOUT, data={u32=2348816112, u64=132201442186992}}], 256, 30000) = 1
223040 poll([{fd=6, events=POLLIN}], 1, 0 <unfinished ...>
223371 sendto(9, "\377\0\0\0\0\0\0\0\1\177", 10, 0, NULL, 0 <unfinished ...>
223040 <... poll resumed>)              = 0 (Timeout)
223040 clock_gettime(CLOCK_MONOTONIC,  <unfinished ...>
223371 <... sendto resumed>)            = 10
223371 epoll_ctl(7, EPOLL_CTL_MOD, 9, {events=EPOLLIN, data={u32=2348816112, u64=132201442186992}} <unfinished ...>
223040 <... clock_gettime resumed>{tv_sec=72709, tv_nsec=723299210}) = 0
223371 <... epoll_ctl resumed>)         = 0
223371 clock_gettime(CLOCK_MONOTONIC,  <unfinished ...>
223040 epoll_wait(7,  <unfinished ...>
223371 <... clock_gettime resumed>{tv_sec=72709, tv_nsec=723410050}) = 0
223040 <... epoll_wait resumed>[{events=EPOLLIN|EPOLLOUT, data={u32=1140853648, u64=124714106227600}}], 256, 29999) = 1
223371 epoll_wait(7,  <unfinished ...>
223040 sendto(10, "\377\0\0\0\0\0\0\0\1\177", 10, 0, NULL, 0 <unfinished ...>
223371 <... epoll_wait resumed>[{events=EPOLLIN, data={u32=2348816112, u64=132201442186992}}], 256, 29999) = 1
223040 <... sendto resumed>)            = 10
223371 recvfrom(9,  <unfinished ...>
223040 epoll_ctl(7, EPOLL_CTL_MOD, 10, {events=EPOLLIN, data={u32=1140853648, u64=124714106227600}} <unfinished ...>
223371 <... recvfrom resumed>"\377\0\0\0\0\0\0\0\1\177", 12, 0, NULL, NULL) = 10
223040 <... epoll_ctl resumed>)         = 0
223371 epoll_ctl(7, EPOLL_CTL_MOD, 9, {events=EPOLLIN|EPOLLOUT, data={u32=2348816112, u64=132201442186992}} <unfinished ...>
223040 recvfrom(10,  <unfinished ...>
223371 <... epoll_ctl resumed>)         = 0
223371 recvfrom(9,  <unfinished ...>
223040 <... recvfrom resumed>"\377\0\0\0\0\0\0\0\1\177", 12, 0, NULL, NULL) = 10
223371 <... recvfrom resumed>0x783c8c001ef2, 2, 0, NULL, NULL) = -1 EAGAIN (Resource temporarily unavailable)
223040 epoll_ctl(7, EPOLL_CTL_MOD, 10, {events=EPOLLIN|EPOLLOUT, data={u32=1140853648, u64=124714106227600}} <unfinished ...>
223371 clock_gettime(CLOCK_MONOTONIC, {tv_sec=72709, tv_nsec=723926046}) = 0
223040 <... epoll_ctl resumed>)         = 0
223371 epoll_wait(7,  <unfinished ...>
223040 recvfrom(10,  <unfinished ...>
223371 <... epoll_wait resumed>[{events=EPOLLOUT, data={u32=2348816112, u64=132201442186992}}], 256, 29999) = 1
223040 <... recvfrom resumed>0x716d44001342, 2, 0, NULL, NULL) = -1 EAGAIN (Resource temporarily unavailable)
223371 sendto(9, "\3", 1, 0, NULL, 0 <unfinished ...>
223040 clock_gettime(CLOCK_MONOTONIC,  <unfinished ...>
223371 <... sendto resumed>)            = 1
223040 <... clock_gettime resumed>{tv_sec=72709, tv_nsec=724144932}) = 0
223371 epoll_ctl(7, EPOLL_CTL_MOD, 9, {events=EPOLLIN, data={u32=2348816112, u64=132201442186992}} <unfinished ...>
223040 epoll_wait(7,  <unfinished ...>
223371 <... epoll_ctl resumed>)         = 0
223371 clock_gettime(CLOCK_MONOTONIC,  <unfinished ...>
223040 <... epoll_wait resumed>[{events=EPOLLIN|EPOLLOUT, data={u32=1140853648, u64=124714106227600}}], 256, 29998) = 1
223371 <... clock_gettime resumed>{tv_sec=72709, tv_nsec=724285106}) = 0
223040 sendto(10, "\3", 1, 0, NULL, 0 <unfinished ...>
223371 epoll_wait(7, [{events=EPOLLIN, data={u32=2348816112, u64=132201442186992}}], 256, 29998) = 1
223040 <... sendto resumed>)            = 1
223371 recvfrom(9,  <unfinished ...>
223040 epoll_ctl(7, EPOLL_CTL_MOD, 10, {events=EPOLLIN, data={u32=1140853648, u64=124714106227600}} <unfinished ...>
223371 <... recvfrom resumed>"\3", 2, 0, NULL, NULL) = 1
223040 <... epoll_ctl resumed>)         = 0
223371 epoll_ctl(7, EPOLL_CTL_MOD, 9, {events=EPOLLIN|EPOLLOUT, data={u32=2348816112, u64=132201442186992}} <unfinished ...>
223040 recvfrom(10,  <unfinished ...>
223371 <... epoll_ctl resumed>)         = 0
223371 recvfrom(9,  <unfinished ...>
223040 <... recvfrom resumed>"\3", 2, 0, NULL, NULL) = 1
223371 <... recvfrom resumed>0x783c8c001ef3, 53, 0, NULL, NULL) = -1 EAGAIN (Resource temporarily unavailable)
223040 epoll_ctl(7, EPOLL_CTL_MOD, 10, {events=EPOLLIN|EPOLLOUT, data={u32=1140853648, u64=124714106227600}} <unfinished ...>
223371 clock_gettime(CLOCK_MONOTONIC, {tv_sec=72709, tv_nsec=724707373}) = 0
223040 <... epoll_ctl resumed>)         = 0
223371 epoll_wait(7,  <unfinished ...>
223040 recvfrom(10,  <unfinished ...>
223371 <... epoll_wait resumed>[{events=EPOLLOUT, data={u32=2348816112, u64=132201442186992}}], 256, 29998) = 1
223040 <... recvfrom resumed>0x716d44001343, 53, 0, NULL, NULL) = -1 EAGAIN (Resource temporarily unavailable)
223371 sendto(9, "\1NULL\0\0\0\0\0\0\0\0\0\0\0\0\0\0\0\0\0\0\0\0\0\0\0\0\0\0\0"..., 53, 0, NULL, 0 <unfinished ...>
223040 clock_gettime(CLOCK_MONOTONIC,  <unfinished ...>
223371 <... sendto resumed>)            = 53
223040 <... clock_gettime resumed>{tv_sec=72709, tv_nsec=724918646}) = 0
223371 epoll_ctl(7, EPOLL_CTL_MOD, 9, {events=EPOLLIN, data={u32=2348816112, u64=132201442186992}} <unfinished ...>
223040 epoll_wait(7,  <unfinished ...>
223371 <... epoll_ctl resumed>)         = 0
223371 clock_gettime(CLOCK_MONOTONIC,  <unfinished ...>
223040 <... epoll_wait resumed>[{events=EPOLLIN|EPOLLOUT, data={u32=1140853648, u64=124714106227600}}], 256, 29998) = 1
223371 <... clock_gettime resumed>{tv_sec=72709, tv_nsec=725080680}) = 0
223040 sendto(10, "\1NULL\0\0\0\0\0\0\0\0\0\0\0\0\0\0\0\0\0\0\0\0\0\0\0\0\0\0\0"..., 53, 0, NULL, 0 <unfinished ...>
223371 epoll_wait(7, [{events=EPOLLIN, data={u32=2348816112, u64=132201442186992}}], 256, 29997) = 1
223040 <... sendto resumed>)            = 53
223371 recvfrom(9,  <unfinished ...>
223040 epoll_ctl(7, EPOLL_CTL_MOD, 10, {events=EPOLLIN, data={u32=1140853648, u64=124714106227600}} <unfinished ...>
223371 <... recvfrom resumed>"\1NULL\0\0\0\0\0\0\0\0\0\0\0\0\0\0\0\0\0\0\0\0\0\0\0\0\0\0\0"..., 53, 0, NULL, NULL) = 53
223040 <... epoll_ctl resumed>)         = 0
223371 epoll_ctl(7, EPOLL_CTL_MOD, 9, {events=EPOLLIN|EPOLLOUT, data={u32=2348816112, u64=132201442186992}} <unfinished ...>
223040 recvfrom(10,  <unfinished ...>
223371 <... epoll_ctl resumed>)         = 0
223040 <... recvfrom resumed>"\1NULL\0\0\0\0\0\0\0\0\0\0\0\0\0\0\0\0\0\0\0\0\0\0\0\0\0\0\0"..., 53, 0, NULL, NULL) = 53
223371 recvfrom(9, 0x783c8c0047f8, 8192, 0, NULL, NULL) = -1 EAGAIN (Resource temporarily unavailable)
223040 epoll_ctl(7, EPOLL_CTL_MOD, 10, {events=EPOLLIN|EPOLLOUT, data={u32=1140853648, u64=124714106227600}} <unfinished ...>
223371 clock_gettime(CLOCK_MONOTONIC, {tv_sec=72709, tv_nsec=725540103}) = 0
223040 <... epoll_ctl resumed>)         = 0
223371 epoll_wait(7,  <unfinished ...>
223040 recvfrom(10,  <unfinished ...>
223371 <... epoll_wait resumed>[{events=EPOLLOUT, data={u32=2348816112, u64=132201442186992}}], 256, 29997) = 1
223040 <... recvfrom resumed>0x716d44003bc8, 8192, 0, NULL, NULL) = -1 EAGAIN (Resource temporarily unavailable)
223371 sendto(9, "\4&\5READY\vSocket-Type\0\0\0\3REQ\10Iden"..., 40, 0, NULL, 0 <unfinished ...>
223040 clock_gettime(CLOCK_MONOTONIC,  <unfinished ...>
223371 <... sendto resumed>)            = 40
223040 <... clock_gettime resumed>{tv_sec=72709, tv_nsec=725753961}) = 0
223371 clock_gettime(CLOCK_MONOTONIC, {tv_sec=72709, tv_nsec=725828203}) = 0
223040 epoll_wait(7,  <unfinished ...>
223371 epoll_wait(7,  <unfinished ...>
223040 <... epoll_wait resumed>[{events=EPOLLIN|EPOLLOUT, data={u32=1140853648, u64=124714106227600}}], 256, 29997) = 1
223371 <... epoll_wait resumed>[{events=EPOLLOUT, data={u32=2348816112, u64=132201442186992}}], 256, 29997) = 1
223040 sendto(10, "\4\31\5READY\vSocket-Type\0\0\0\3REP", 27, 0, NULL, 0 <unfinished ...>
223371 epoll_ctl(7, EPOLL_CTL_MOD, 9, {events=EPOLLIN, data={u32=2348816112, u64=132201442186992}}) = 0
223040 <... sendto resumed>)            = 27
223371 clock_gettime(CLOCK_MONOTONIC, {tv_sec=72709, tv_nsec=726150526}) = 0
223040 recvfrom(10,  <unfinished ...>
223371 epoll_wait(7,  <unfinished ...>
223040 <... recvfrom resumed>"\4&\5READY\vSocket-Type\0\0\0\3REQ\10Iden"..., 8192, 0, NULL, NULL) = 40
223371 <... epoll_wait resumed>[{events=EPOLLIN, data={u32=2348816112, u64=132201442186992}}], 256, 29996) = 1
223371 recvfrom(9,  <unfinished ...>
223040 getpid( <unfinished ...>
223371 <... recvfrom resumed>"\4\31\5READY\vSocket-Type\0\0\0\3REP", 8192, 0, NULL, NULL) = 27
223040 <... getpid resumed>)            = 223038
223371 epoll_ctl(7, EPOLL_CTL_MOD, 9, {events=EPOLLIN|EPOLLOUT, data={u32=2348816112, u64=132201442186992}} <unfinished ...>
223040 write(8, "\1\0\0\0\0\0\0\0", 8 <unfinished ...>
223371 <... epoll_ctl resumed>)         = 0
223371 getpid( <unfinished ...>
223040 <... write resumed>)             = 8
223371 <... getpid resumed>)            = 222956
223038 <... poll resumed>)              = 1 ([{fd=8, revents=POLLIN}])
223371 write(8, "\1\0\0\0\0\0\0\0", 8 <unfinished ...>
223040 epoll_wait(7,  <unfinished ...>
223038 getpid( <unfinished ...>
223371 <... write resumed>)             = 8
223040 <... epoll_wait resumed>[{events=EPOLLOUT, data={u32=1140853648, u64=124714106227600}}], 256, -1) = 1
223371 sendto(9, "\1\0\0\nexec MyVar", 14, 0, NULL, 0 <unfinished ...>
223369 <... poll resumed>)              = 1 ([{fd=8, revents=POLLIN}])
223038 <... getpid resumed>)            = 223038
223040 epoll_ctl(7, EPOLL_CTL_MOD, 10, {events=EPOLLIN, data={u32=1140853648, u64=124714106227600}} <unfinished ...>
223371 <... sendto resumed>)            = 14
223038 read(8,  <unfinished ...>
223371 epoll_wait(7,  <unfinished ...>
223369 getpid( <unfinished ...>
223040 <... epoll_ctl resumed>)         = 0
223371 <... epoll_wait resumed>[{events=EPOLLOUT, data={u32=2348816112, u64=132201442186992}}], 256, -1) = 1
223038 <... read resumed>"\1\0\0\0\0\0\0\0", 8) = 8
223371 epoll_ctl(7, EPOLL_CTL_MOD, 9, {events=EPOLLIN, data={u32=2348816112, u64=132201442186992}} <unfinished ...>
223369 <... getpid resumed>)            = 222956
223040 epoll_wait(7,  <unfinished ...>
223371 <... epoll_ctl resumed>)         = 0
223038 getpid( <unfinished ...>
223371 epoll_wait(7,  <unfinished ...>
223369 read(8,  <unfinished ...>
223040 <... epoll_wait resumed>[{events=EPOLLIN, data={u32=1140853648, u64=124714106227600}}], 256, -1) = 1
223038 <... getpid resumed>)            = 223038
223369 <... read resumed>"\1\0\0\0\0\0\0\0", 8) = 8
223040 recvfrom(10,  <unfinished ...>
223038 write(6, "\1\0\0\0\0\0\0\0", 8 <unfinished ...>
223369 getpid( <unfinished ...>
223040 <... recvfrom resumed>"\1\0\0\nexec MyVar", 8192, 0, NULL, NULL) = 14
223038 <... write resumed>)             = 8
223369 <... getpid resumed>)            = 222956
223040 epoll_wait(7,  <unfinished ...>
223038 getpid( <unfinished ...>
223369 poll([{fd=8, events=POLLIN}], 1, 0 <unfinished ...>
223040 <... epoll_wait resumed>[{events=EPOLLIN, data={u32=3676170464, u64=93848711588064}}], 256, -1) = 1
223038 <... getpid resumed>)            = 223038
223369 <... poll resumed>)              = 0 (Timeout)
223038 poll([{fd=8, events=POLLIN}], 1, 0 <unfinished ...>
223369 getpid( <unfinished ...>
223040 getpid( <unfinished ...>
223038 <... poll resumed>)              = 0 (Timeout)
223369 <... getpid resumed>)            = 222956
223040 <... getpid resumed>)            = 223038
223369 poll([{fd=8, events=POLLIN}], 1, -1 <unfinished ...>
223040 poll([{fd=6, events=POLLIN}], 1, 0 <unfinished ...>
223038 write(1, "Node 10 received: exec MyVar\n", 29 <unfinished ...>
223040 <... poll resumed>)              = 1 ([{fd=6, revents=POLLIN}])
223040 getpid( <unfinished ...>
223038 <... write resumed>)             = 29
223040 <... getpid resumed>)            = 223038
223040 read(6,  <unfinished ...>
223038 write(1, "Node 10 returned value for MyVar"..., 37 <unfinished ...>
223040 <... read resumed>"\1\0\0\0\0\0\0\0", 8) = 8
223040 getpid( <unfinished ...>
223038 <... write resumed>)             = 37
223040 <... getpid resumed>)            = 223038
223038 getpid( <unfinished ...>
223040 poll([{fd=6, events=POLLIN}], 1, 0 <unfinished ...>
223038 <... getpid resumed>)            = 223038
223040 <... poll resumed>)              = 0 (Timeout)
223038 poll([{fd=8, events=POLLIN}], 1, 0 <unfinished ...>
223040 epoll_wait(7,  <unfinished ...>
223038 <... poll resumed>)              = 0 (Timeout)
223038 getpid()                         = 223038
223038 write(6, "\1\0\0\0\0\0\0\0", 8 <unfinished ...>
223040 <... epoll_wait resumed>[{events=EPOLLIN, data={u32=3676170464, u64=93848711588064}}], 256, -1) = 1
223038 <... write resumed>)             = 8
223040 getpid( <unfinished ...>
223038 getpid( <unfinished ...>
223040 <... getpid resumed>)            = 223038
223038 <... getpid resumed>)            = 223038
223040 poll([{fd=6, events=POLLIN}], 1, 0 <unfinished ...>
223038 poll([{fd=8, events=POLLIN}], 1, -1 <unfinished ...>
223040 <... poll resumed>)              = 1 ([{fd=6, revents=POLLIN}])
223040 getpid()                         = 223038
223040 read(6, "\1\0\0\0\0\0\0\0", 8)   = 8
223040 epoll_ctl(7, EPOLL_CTL_MOD, 10, {events=EPOLLIN|EPOLLOUT, data={u32=1140853648, u64=124714106227600}}) = 0
223040 getpid()                         = 223038
223040 write(8, "\1\0\0\0\0\0\0\0", 8)  = 8
223038 <... poll resumed>)              = 1 ([{fd=8, revents=POLLIN}])
223040 sendto(10, "\1\0\0\tOk:10: 15", 13, 0, NULL, 0 <unfinished ...>
223038 getpid( <unfinished ...>
223040 <... sendto resumed>)            = 13
223038 <... getpid resumed>)            = 223038
223371 <... epoll_wait resumed>[{events=EPOLLIN, data={u32=2348816112, u64=132201442186992}}], 256, -1) = 1
223040 getpid( <unfinished ...>
223038 read(8,  <unfinished ...>
223371 recvfrom(9,  <unfinished ...>
223040 <... getpid resumed>)            = 223038
223038 <... read resumed>"\1\0\0\0\0\0\0\0", 8) = 8
223371 <... recvfrom resumed>"\1\0\0\tOk:10: 15", 8192, 0, NULL, NULL) = 13
223040 poll([{fd=6, events=POLLIN}], 1, 0 <unfinished ...>
223038 getpid( <unfinished ...>
223371 getpid( <unfinished ...>
223040 <... poll resumed>)              = 0 (Timeout)
223038 <... getpid resumed>)            = 223038
223371 <... getpid resumed>)            = 222956
223040 epoll_wait(7,  <unfinished ...>
223038 poll([{fd=8, events=POLLIN}], 1, 0 <unfinished ...>
223371 write(8, "\1\0\0\0\0\0\0\0", 8 <unfinished ...>
223040 <... epoll_wait resumed>[{events=EPOLLOUT, data={u32=1140853648, u64=124714106227600}}], 256, -1) = 1
223371 <... write resumed>)             = 8
223038 <... poll resumed>)              = 0 (Timeout)
223040 epoll_ctl(7, EPOLL_CTL_MOD, 10, {events=EPOLLIN, data={u32=1140853648, u64=124714106227600}} <unfinished ...>
223371 epoll_wait(7,  <unfinished ...>
223369 <... poll resumed>)              = 1 ([{fd=8, revents=POLLIN}])
223038 getpid( <unfinished ...>
223040 <... epoll_ctl resumed>)         = 0
223369 getpid( <unfinished ...>
223040 epoll_wait(7,  <unfinished ...>
223038 <... getpid resumed>)            = 223038
223369 <... getpid resumed>)            = 222956
223038 poll([{fd=8, events=POLLIN}], 1, -1 <unfinished ...>
223369 read(8, "\1\0\0\0\0\0\0\0", 8)   = 8
223369 getpid()                         = 222956
223369 poll([{fd=8, events=POLLIN}], 1, 0) = 0 (Timeout)
223369 getpid()                         = 222956
223369 write(6, "\1\0\0\0\0\0\0\0", 8)  = 8
223371 <... epoll_wait resumed>[{events=EPOLLIN, data={u32=2483031120, u64=132201576402000}}], 256, -1) = 1
223371 getpid( <unfinished ...>
223369 write(1, "Ok:10: 15\n", 10 <unfinished ...>
223371 <... getpid resumed>)            = 222956
223371 poll([{fd=6, events=POLLIN}], 1, 0 <unfinished ...>
223369 <... write resumed>)             = 10
223371 <... poll resumed>)              = 1 ([{fd=6, revents=POLLIN}])
223369 getpid( <unfinished ...>
223371 getpid( <unfinished ...>
223369 <... getpid resumed>)            = 222956
223371 <... getpid resumed>)            = 222956
223371 read(6,  <unfinished ...>
223369 write(4, "\1\0\0\0\0\0\0\0", 8 <unfinished ...>
223371 <... read resumed>"\1\0\0\0\0\0\0\0", 8) = 8
223369 <... write resumed>)             = 8
223370 <... epoll_wait resumed>[{events=EPOLLIN, data={u32=2483035616, u64=132201576406496}}], 256, -1) = 1
223371 getpid( <unfinished ...>
223369 getpid( <unfinished ...>
223370 getpid( <unfinished ...>
223371 <... getpid resumed>)            = 222956
223369 <... getpid resumed>)            = 222956
223370 <... getpid resumed>)            = 222956
223371 poll([{fd=6, events=POLLIN}], 1, 0 <unfinished ...>
223369 getpid( <unfinished ...>
223370 getpid( <unfinished ...>
223371 <... poll resumed>)              = 0 (Timeout)
223369 <... getpid resumed>)            = 222956
223371 epoll_wait(7,  <unfinished ...>
223370 <... getpid resumed>)            = 222956
223369 write(8, "\1\0\0\0\0\0\0\0", 8 <unfinished ...>
223370 poll([{fd=4, events=POLLIN}], 1, 0 <unfinished ...>
223369 <... write resumed>)             = 8
223370 <... poll resumed>)              = 1 ([{fd=4, revents=POLLIN}])
223369 getpid( <unfinished ...>
223370 getpid( <unfinished ...>
223369 <... getpid resumed>)            = 222956
223370 <... getpid resumed>)            = 222956
223369 poll([{fd=3, events=POLLIN}], 1, -1 <unfinished ...>
223370 read(4, "\1\0\0\0\0\0\0\0", 8)   = 8
223370 epoll_ctl(5, EPOLL_CTL_ADD, 8, {events=0, data={u32=2214595440, u64=132201307966320}}) = 0
223370 epoll_ctl(5, EPOLL_CTL_MOD, 8, {events=EPOLLIN, data={u32=2214595440, u64=132201307966320}}) = 0
223370 getpid()                         = 222956
223370 write(6, "\1\0\0\0\0\0\0\0", 8)  = 8
223371 <... epoll_wait resumed>[{events=EPOLLIN, data={u32=2483031120, u64=132201576402000}}], 256, -1) = 1
223370 getpid( <unfinished ...>
223371 getpid( <unfinished ...>
223370 <... getpid resumed>)            = 222956
223371 <... getpid resumed>)            = 222956
223370 getpid( <unfinished ...>
223371 poll([{fd=6, events=POLLIN}], 1, 0 <unfinished ...>
223370 <... getpid resumed>)            = 222956
223371 <... poll resumed>)              = 1 ([{fd=6, revents=POLLIN}])
223370 poll([{fd=4, events=POLLIN}], 1, 0 <unfinished ...>
223371 getpid( <unfinished ...>
223370 <... poll resumed>)              = 0 (Timeout)
223371 <... getpid resumed>)            = 222956
223370 epoll_wait(5,  <unfinished ...>
223371 read(6,  <unfinished ...>
223370 <... epoll_wait resumed>[{events=EPOLLIN, data={u32=2214595440, u64=132201307966320}}], 256, -1) = 1
223371 <... read resumed>"\1\0\0\0\0\0\0\0", 8) = 8
223370 getpid( <unfinished ...>
223371 epoll_ctl(7, EPOLL_CTL_MOD, 9, {events=EPOLLIN|EPOLLOUT, data={u32=2348816112, u64=132201442186992}} <unfinished ...>
223370 <... getpid resumed>)            = 222956
223371 <... epoll_ctl resumed>)         = 0
223370 poll([{fd=8, events=POLLIN}], 1, 0 <unfinished ...>
223371 epoll_ctl(7, EPOLL_CTL_MOD, 9, {events=EPOLLIN, data={u32=2348816112, u64=132201442186992}} <unfinished ...>
223370 <... poll resumed>)              = 1 ([{fd=8, revents=POLLIN}])
223371 <... epoll_ctl resumed>)         = 0
223370 getpid( <unfinished ...>
223371 getpid( <unfinished ...>
223370 <... getpid resumed>)            = 222956
223371 <... getpid resumed>)            = 222956
223370 read(8,  <unfinished ...>
223371 poll([{fd=6, events=POLLIN}], 1, 0 <unfinished ...>
223370 <... read resumed>"\1\0\0\0\0\0\0\0", 8) = 8
223371 <... poll resumed>)              = 0 (Timeout)
223371 epoll_wait(7,  <unfinished ...>
223370 getpid()                         = 222956
223370 write(6, "\1\0\0\0\0\0\0\0", 8 <unfinished ...>
223371 <... epoll_wait resumed>[{events=EPOLLIN, data={u32=2483031120, u64=132201576402000}}], 256, -1) = 1
223370 <... write resumed>)             = 8
223371 getpid( <unfinished ...>
223370 getpid( <unfinished ...>
223371 <... getpid resumed>)            = 222956
223370 <... getpid resumed>)            = 222956
223371 poll([{fd=6, events=POLLIN}], 1, 0 <unfinished ...>
223370 poll([{fd=8, events=POLLIN}], 1, 0 <unfinished ...>
223371 <... poll resumed>)              = 1 ([{fd=6, revents=POLLIN}])
223370 <... poll resumed>)              = 0 (Timeout)
223371 getpid( <unfinished ...>
223370 epoll_wait(5,  <unfinished ...>
223371 <... getpid resumed>)            = 222956
223371 read(6, "\1\0\0\0\0\0\0\0", 8)   = 8
223371 getpid()                         = 222956
223371 write(8, "\1\0\0\0\0\0\0\0", 8)  = 8
223370 <... epoll_wait resumed>[{events=EPOLLIN, data={u32=2214595440, u64=132201307966320}}], 256, -1) = 1
223371 epoll_ctl(7, EPOLL_CTL_DEL, 9, 0x783c8c0016f4 <unfinished ...>
223370 getpid( <unfinished ...>
223371 <... epoll_ctl resumed>)         = 0
223370 <... getpid resumed>)            = 222956
223371 close(9 <unfinished ...>
223370 poll([{fd=8, events=POLLIN}], 1, 0 <unfinished ...>
223371 <... close resumed>)             = 0
223370 <... poll resumed>)              = 1 ([{fd=8, revents=POLLIN}])
223040 <... epoll_wait resumed>[{events=EPOLLIN, data={u32=1140853648, u64=124714106227600}}], 256, -1) = 1
223371 getpid( <unfinished ...>
223370 getpid( <unfinished ...>
223040 recvfrom(10,  <unfinished ...>
223371 <... getpid resumed>)            = 222956
223370 <... getpid resumed>)            = 222956
223040 <... recvfrom resumed>"", 8192, 0, NULL, NULL) = 0
223371 poll([{fd=6, events=POLLIN}], 1, 0 <unfinished ...>
223370 read(8,  <unfinished ...>
223040 getpid( <unfinished ...>
223371 <... poll resumed>)              = 0 (Timeout)
223370 <... read resumed>"\1\0\0\0\0\0\0\0", 8) = 8
223040 <... getpid resumed>)            = 223038
223371 epoll_wait(7,  <unfinished ...>
223370 getpid( <unfinished ...>
223040 write(6, "\1\0\0\0\0\0\0\0", 8 <unfinished ...>
223370 <... getpid resumed>)            = 222956
223040 <... write resumed>)             = 8
223370 poll([{fd=8, events=POLLIN}], 1, 0 <unfinished ...>
223040 epoll_ctl(7, EPOLL_CTL_DEL, 10, 0x716d44000b94 <unfinished ...>
223370 <... poll resumed>)              = 0 (Timeout)
223040 <... epoll_ctl resumed>)         = 0
223370 epoll_ctl(5, EPOLL_CTL_DEL, 8, 0x783c84000b74 <unfinished ...>
223040 close(10 <unfinished ...>
223370 <... epoll_ctl resumed>)         = 0
223370 getpid()                         = 222956
223040 <... close resumed>)             = 0
223370 write(4, "\1\0\0\0\0\0\0\0", 8 <unfinished ...>
223040 epoll_wait(7,  <unfinished ...>
223370 <... write resumed>)             = 8
223040 <... epoll_wait resumed>[{events=EPOLLIN, data={u32=3676170464, u64=93848711588064}}], 256, -1) = 1
223370 close(8 <unfinished ...>
223040 getpid( <unfinished ...>
223370 <... close resumed>)             = 0
223040 <... getpid resumed>)            = 223038
223370 epoll_wait(5,  <unfinished ...>
223040 poll([{fd=6, events=POLLIN}], 1, 0 <unfinished ...>
223370 <... epoll_wait resumed>[{events=EPOLLIN, data={u32=2483035616, u64=132201576406496}}], 256, -1) = 1
223370 getpid( <unfinished ...>
223040 <... poll resumed>)              = 1 ([{fd=6, revents=POLLIN}])
223370 <... getpid resumed>)            = 222956
223370 getpid( <unfinished ...>
223040 getpid( <unfinished ...>
223370 <... getpid resumed>)            = 222956
223040 <... getpid resumed>)            = 223038
223370 poll([{fd=4, events=POLLIN}], 1, 0 <unfinished ...>
223040 read(6,  <unfinished ...>
223370 <... poll resumed>)              = 1 ([{fd=4, revents=POLLIN}])
223040 <... read resumed>"\1\0\0\0\0\0\0\0", 8) = 8
223370 getpid()                         = 222956
223040 getpid( <unfinished ...>
223370 read(4,  <unfinished ...>
223040 <... getpid resumed>)            = 223038
223370 <... read resumed>"\1\0\0\0\0\0\0\0", 8) = 8
223040 write(8, "\1\0\0\0\0\0\0\0", 8 <unfinished ...>
223370 getpid()                         = 222956
223040 <... write resumed>)             = 8
223038 <... poll resumed>)              = 1 ([{fd=8, revents=POLLIN}])
223370 getpid( <unfinished ...>
223040 getpid( <unfinished ...>
223038 getpid( <unfinished ...>
223370 <... getpid resumed>)            = 222956
223040 <... getpid resumed>)            = 223038
223370 write(3, "\1\0\0\0\0\0\0\0", 8 <unfinished ...>
223038 <... getpid resumed>)            = 223038
223040 poll([{fd=6, events=POLLIN}], 1, 0 <unfinished ...>
223370 <... write resumed>)             = 8
223370 epoll_ctl(5, EPOLL_CTL_DEL, 4, 0x783c94001de4 <unfinished ...>
223369 <... poll resumed>)              = 1 ([{fd=3, revents=POLLIN}])
223040 <... poll resumed>)              = 0 (Timeout)
223038 read(8,  <unfinished ...>
223370 <... epoll_ctl resumed>)         = 0
223369 getpid( <unfinished ...>
223040 epoll_wait(7,  <unfinished ...>
223370 getpid( <unfinished ...>
223038 <... read resumed>"\1\0\0\0\0\0\0\0", 8) = 8
223370 <... getpid resumed>)            = 222956
223369 <... getpid resumed>)            = 222956
223038 getpid( <unfinished ...>
223370 getpid()                         = 222956
223369 read(3,  <unfinished ...>
223038 <... getpid resumed>)            = 223038
223370 poll([{fd=4, events=POLLIN}], 1, 0 <unfinished ...>
223369 <... read resumed>"\1\0\0\0\0\0\0\0", 8) = 8
223370 <... poll resumed>)              = 0 (Timeout)
223038 poll([{fd=8, events=POLLIN}], 1, 0 <unfinished ...>
223369 getpid( <unfinished ...>
223370 rt_sigprocmask(SIG_BLOCK, ~[RT_1],  <unfinished ...>
223038 <... poll resumed>)              = 0 (Timeout)
223369 <... getpid resumed>)            = 222956
223370 <... rt_sigprocmask resumed>NULL, 8) = 0
223038 getpid( <unfinished ...>
223370 madvise(0x783c98800000, 8368128, MADV_DONTNEED <unfinished ...>
223369 write(6, "\1\0\0\0\0\0\0\0", 8 <unfinished ...>
223038 <... getpid resumed>)            = 223038
223370 <... madvise resumed>)           = 0
223369 <... write resumed>)             = 8
223038 write(6, "\1\0\0\0\0\0\0\0", 8 <unfinished ...>
223371 <... epoll_wait resumed>[{events=EPOLLIN, data={u32=2483031120, u64=132201576402000}}], 256, -1) = 1
223370 exit(0 <unfinished ...>
223369 futex(0x783c93e00990, FUTEX_WAIT_BITSET|FUTEX_CLOCK_REALTIME, 223371, NULL, FUTEX_BITSET_MATCH_ANY <unfinished ...>
223038 <... write resumed>)             = 8
223371 getpid( <unfinished ...>
223370 <... exit resumed>)              = ?
223040 <... epoll_wait resumed>[{events=EPOLLIN, data={u32=3676170464, u64=93848711588064}}], 256, -1) = 1
223371 <... getpid resumed>)            = 222956
223038 getpid( <unfinished ...>
223370 +++ exited with 0 +++
223371 poll([{fd=6, events=POLLIN}], 1, 0 <unfinished ...>
223040 getpid( <unfinished ...>
223038 <... getpid resumed>)            = 223038
223371 <... poll resumed>)              = 1 ([{fd=6, revents=POLLIN}])
223040 <... getpid resumed>)            = 223038
223038 poll([{fd=8, events=POLLIN}], 1, -1 <unfinished ...>
223371 getpid( <unfinished ...>
223040 poll([{fd=6, events=POLLIN}], 1, 0 <unfinished ...>
223371 <... getpid resumed>)            = 222956
223371 read(6,  <unfinished ...>
223040 <... poll resumed>)              = 1 ([{fd=6, revents=POLLIN}])
223371 <... read resumed>"\1\0\0\0\0\0\0\0", 8) = 8
223371 epoll_ctl(7, EPOLL_CTL_DEL, 6, 0x783c94000c54 <unfinished ...>
223040 getpid( <unfinished ...>
223371 <... epoll_ctl resumed>)         = 0
223040 <... getpid resumed>)            = 223038
223371 getpid( <unfinished ...>
223040 read(6,  <unfinished ...>
223371 <... getpid resumed>)            = 222956
223040 <... read resumed>"\1\0\0\0\0\0\0\0", 8) = 8
223371 poll([{fd=6, events=POLLIN}], 1, 0 <unfinished ...>
223040 getpid( <unfinished ...>
223371 <... poll resumed>)              = 0 (Timeout)
223040 <... getpid resumed>)            = 223038
223371 rt_sigprocmask(SIG_BLOCK, ~[RT_1],  <unfinished ...>
223040 write(8, "\1\0\0\0\0\0\0\0", 8 <unfinished ...>
223371 <... rt_sigprocmask resumed>NULL, 8) = 0
223371 madvise(0x783c93600000, 8368128, MADV_DONTNEED <unfinished ...>
223040 <... write resumed>)             = 8
223038 <... poll resumed>)              = 1 ([{fd=8, revents=POLLIN}])
223371 <... madvise resumed>)           = 0
223040 getpid( <unfinished ...>
223371 exit(0 <unfinished ...>
223040 <... getpid resumed>)            = 223038
223038 getpid( <unfinished ...>
223371 <... exit resumed>)              = ?
223040 poll([{fd=6, events=POLLIN}], 1, 0 <unfinished ...>
223371 +++ exited with 0 +++
223369 <... futex resumed>)             = 0
223040 <... poll resumed>)              = 0 (Timeout)
223038 <... getpid resumed>)            = 223038
223369 close(7 <unfinished ...>
223040 epoll_wait(7,  <unfinished ...>
223038 read(8,  <unfinished ...>
223369 <... close resumed>)             = 0
223038 <... read resumed>"\1\0\0\0\0\0\0\0", 8) = 8
223369 close(6)                         = 0
223038 getpid( <unfinished ...>
223369 close(5 <unfinished ...>
223038 <... getpid resumed>)            = 223038
223369 <... close resumed>)             = 0
223038 poll([{fd=8, events=POLLIN}], 1, 0 <unfinished ...>
223369 close(4 <unfinished ...>
223038 <... poll resumed>)              = 0 (Timeout)
223369 <... close resumed>)             = 0
223038 getpid( <unfinished ...>
223369 close(3 <unfinished ...>
223038 <... getpid resumed>)            = 223038
223369 <... close resumed>)             = 0
223038 poll([{fd=8, events=POLLIN}], 1, -1 <unfinished ...>
223369 rt_sigprocmask(SIG_BLOCK, ~[RT_1], NULL, 8) = 0
223369 madvise(0x783c99200000, 8368128, MADV_DONTNEED) = 0
223369 exit(0)                          = ?
223369 +++ exited with 0 +++
222956 <... read resumed>"stop\n", 1024) = 5
222956 kill(223038, SIGKILL)            = 0
223039 <... epoll_wait resumed> <unfinished ...>) = ?
223038 <... poll resumed> <unfinished ...>) = ?
222956 write(1, "Node 10 killed.\n", 16 <unfinished ...>
223040 <... epoll_wait resumed> <unfinished ...>) = ?
223039 +++ killed by SIGKILL +++
222956 <... write resumed>)             = 16
222956 write(1, "All nodes stopped.\n", 19) = 19
222956 write(1, "All nodes stopped.\n", 19) = 19
223040 +++ killed by SIGKILL +++
223038 +++ killed by SIGKILL +++
222956 --- SIGCHLD {si_signo=SIGCHLD, si_code=CLD_KILLED, si_pid=223038, si_uid=1000, si_status=SIGKILL, si_utime=0, si_stime=2 /* 0.02 s */} ---
222956 exit_group(0)                    = ?
222956 +++ exited with 0 +++
